// Jest Snapshot v1, https://goo.gl/fbAQLP

exports[`App component test suite smoke test, snapshot only  1`] = `
<DocumentFragment>
  .c1 {
  color: white;
  border: none;
  background-color: green;
  border-radius: 12px;
}

.c0 {
  font-family: 'Manrope',sans-serif;
}

<div
    class="c0"
  >
    <div>
      <h1>
        Hello world
      </h1>
      <button
        class="c1"
      >
        Button
      </button>
    </div>
  </div>
</DocumentFragment>
`;
