// Jest Snapshot v1, https://goo.gl/fbAQLP

exports[`Client test suite should mount the app on the document with HRM 1`] = `"<main id=\\"app-wrapper\\"><div class=\\"sc-kEqYlL kXmtzB\\"><header class=\\"sc-pNWxx fhfGsX\\"><img src=\\"./assets/logo-realworldone.svg\\" alt=\\"Example\\"><a class=\\"sc-fujyUd sc-jrsJCI hfHqCh iLMECl\\" href=\\"/\\">Home</a><a class=\\"sc-fujyUd sc-jrsJCI hfHqCh iLMECl\\" href=\\"/comments\\">Comments</a><a class=\\"sc-fujyUd sc-jrsJCI hfHqCh iLMECl\\" href=\\"/performance\\">Performance</a></header><div><div class=\\"sc-bdnylx fCAKAP\\"><h1 class=\\"sc-hKFyIo dnWiOp\\">Real world one<strong>Frontend Developer Test</strong></h1><div class=\\"sc-bdnylx fSuCDU\\"><div class=\\"sc-iCoHVE dhneZx\\"><h2 class=\\"sc-eCApGN dbjYtj\\">Prerequisites</h2><p class=\\"sc-jSFkmK gqbJNj\\">Choose any JSON dummy data online generator. This will be your data source that will be used within your application (so called Test Data).</p><p class=\\"sc-jSFkmK gqbJNj\\">The Test Data size should be at least 500 records. e.g.<a href=\\"https://jsonplaceholder.typicode.com/comments\\" target=\\"_blank\\" class=\\"sc-gKAblj jrvysh\\">https://jsonplaceholder.typicode.com/comments</a></p></div><div class=\\"sc-iCoHVE kahQbH\\"><h2 class=\\"sc-eCApGN dbjYtj\\">Tasks</h2>Can see the full tasks on the PDF file:<p class=\\"sc-jSFkmK gqbJNj\\"><a href=\\"./assets/instructions.pdf\\" download=\\"\\" class=\\"sc-dlnjPT fTSCis\\">Download</a></p></div></div></div></div></div></main>"`;
