// Jest Snapshot v1, https://goo.gl/fbAQLP

exports[`Server side rendering test suite should return the html for a component 1`] = `"<html lang=\\"pt\\" data-reactroot=\\"\\"><head><meta charSet=\\"UTF-8\\"/><meta name=\\"viewport\\" content=\\"width=device-width, user-scalable=no, initial-scale=1.0, maximum-scale=1.0, minimum-scale=1.0\\"/><meta http-equiv=\\"X-UA-Compatible\\" content=\\"ie=edge\\"/><title>mock title</title><link href=\\"https://fonts.googleapis.com/css2?family=Manrope:wght@200;400;800&amp;display=swap\\" rel=\\"stylesheet\\"/><link data-chunk=\\"mock\\" rel=\\"preload\\" as=\\"script\\" href=\\"/public/vendors~mock.bundle.js\\"/><link data-chunk=\\"mock\\" rel=\\"preload\\" as=\\"script\\" href=\\"/public/mock.js\\"/><style data-styled=\\"\\" data-styled-version=\\"5.2.0\\"></style></head><body><main id=\\"mock-wrapper\\"><div></div></main><script id=\\"__LOADABLE_REQUIRED_CHUNKS__\\" type=\\"application/json\\">[]</script><script id=\\"__LOADABLE_REQUIRED_CHUNKS___ext\\" type=\\"application/json\\">{\\"namedChunks\\":[]}</script><script async=\\"\\" data-chunk=\\"mock\\" src=\\"/public/vendors~mock.bundle.js\\"></script><script async=\\"\\" data-chunk=\\"mock\\" src=\\"/public/mock.js\\"></script></body></html>"`;
