// Jest Snapshot v1, https://goo.gl/fbAQLP

exports[`Comments component test suite smoke test, snapshot only  1`] = `
<DocumentFragment>
  .c0 {
  display: grid;
  grid-template-columns: repeat(1,1fr);
  grid-column-gap: 40px;
  padding: 40px;
}

.c1 {
  border: none;
  padding: 16px 30px;
  border-radius: 24px;
  background-color: #726a95;
  color: #fff;
  display: inline-block;
  -webkit-text-decoration: none;
  text-decoration: none;
}

.c1:hover {
  cursor: pointer;
  background-color: #8d83b8;
}

.c1:active,
.c1:focus {
  outline: none;
}

@media (max-width:576px) {
  .c0 {
    grid-template-columns: 1fr;
  }
}

<div
    class="c0"
  >
    <div>
      <h1>
        Comments
      </h1>
      <p>
        <a
          class="c1"
          download=""
          href="./assets/instructions.pdf"
        >
          Download instructions
        </a>
      </p>
    </div>
  </div>
</DocumentFragment>
`;
